// Jest Snapshot v1, https://goo.gl/fbAQLP

exports[`matches the snapshot 1`] = `
<div
  data-testid="faucet-complete"
>
  <p
    class="pt-4 text-secondary"
  >
    <span
      class="text-primary"
    >
      Transaction Is Mined
    </span>
    <br />
    <small>
      Your transaction has been broadcasted and mined successfully.
    </small>
  </p>
  <u>
    <a
      href="/tx/92a17d292024e0321da6b1bf2d57287ceed623678b959c9bb3be4f3763a0c0e6?network=testnet"
      rel="noopener noreferrer"
      target="_blank"
    >
      View Your Transaction
    </a>
  </u>
</div>
`;
